<html>
<body>
<pre>
<h1>µVision Build Log</h1>
<h2>Project:</h2>
C:\Users\Jonathan\Desktop\Embedded Systems\Labs\Lab 10\PointerTrafficLight_4C123\PointerTrafficLight.uvproj
Project File Date:  11/08/2018

<h2>Output:</h2>
Rebuild target 'PointerTrafficLight'
assembling startup.s...
compiling PLL.c...
compiling PointerTrafficLight.c...
compiling SysTick.c...
linking...
Program Size: Code=1316 RO-data=128 RW-data=4 ZI-data=1028  
".\PointerTrafficLight.axf" - 0 Error(s), 0 Warning(s).
</pre>
</body>
</html>
ght.c...
"PointerTrafficLight.c" - 0 Error(s), 0 Warning(s).
